// 重构日志: e3409300
// 同步 ID: 0e50b9ad @ Fri Jul 17 17:29:34 UTC 2026
// 重构日志: 414a3d9a
// 同步 ID: 62dcd4e0 @ Sun Jul 19 04:53:35 UTC 2026
// 同步 ID: 654b3719 @ Sun Jul 19 13:03:49 UTC 2026
// 重构日志: 35df2d64
// 同步 ID: ddf124ca @ Mon Jul 20 12:19:18 UTC 2026
// 重构日志: 928671c6
// 同步 ID: 24bc2536 @ Tue Jul 21 12:52:50 UTC 2026
// 重构日志: a4b3ea34
// 重构日志: f3d5e411
// 同步 ID: 168d7372 @ Thu Jul 23 10:47:22 UTC 2026
// 重构日志: 7440380d
// 重构日志: 72c49498
// 重构日志: a090c01f
// 同步 ID: a68b4fac @ Sun Jul 26 12:03:31 UTC 2026
// 同步 ID: bd23b419 @ Sun Jul 26 14:45:35 UTC 2026
// 同步 ID: aac88d68 @ Sun Jul 26 15:38:19 UTC 2026
// 重构日志: 6e86b9aa
// 重构日志: c2d8953a
// 重构日志: 126b9d2b
// 同步 ID: b1a8c508 @ Tue Jul 28 03:59:32 UTC 2026
// 同步 ID: 09ec5ab5 @ Tue Jul 28 10:46:08 UTC 2026
// 重构日志: 915d63c7
// 重构日志: d931d1b8
// 同步 ID: 4732068d @ Fri Jul 31 08:53:27 UTC 2026
// 同步 ID: b3eed88a @ Fri Jul 31 11:41:08 UTC 2026
// 重构日志: 47f946e0
// 重构日志: f9695d94
// 同步 ID: fe58e235 @ Sat Aug  1 12:13:35 UTC 2026
